---
source: tests/unit/verification/config/profile_review.rs
expression: rendered
---
[verify] src/api.rs
   |owner: src/api
   |responsibility_review: pending phase=before_verification fingerprint=rustv:9870c2d2f6031dd3
   |why: responsibility_review=owner-local verification override needs compact rationale
   |requires: responsibility_review=profile_resolution
   |fact: responsibility_review.profile=public_api
   |fact: responsibility_review.derived=stress
   |fact: responsibility_review.configured=<none>
   |contract: responsibility_review=update the verification profile hint to match parser facts, or attach a complete waiver

[verify-report]
   |bundle: renderer=render_rust_verification_report_bundle_json artifact=verification_report_bundle.json artifacts=2
   |required: verification_plan_json renderer=render_rust_verification_plan_json artifact=verification_plan.json tasks=1 kinds=responsibility_review
   |required: task_index_json renderer=build_rust_verification_task_index + render_rust_verification_task_index_json artifact=task_index.json tasks=1 kinds=responsibility_review
