---
source: tests/unit/verification/config/skill.rs
expression: rendered
---
[verify] src/api.rs
   |owner: src/api
   |stress: pending phase=after_unit_tests_pass fingerprint=rustv:f5966fb522a92f96 skill=rust-verification-stress@k6

[verify-report]
   |bundle: renderer=render_rust_verification_report_bundle_json artifact=verification_report_bundle.json artifacts=2
   |required: verification_plan_json renderer=render_rust_verification_plan_json artifact=verification_plan.json tasks=1 kinds=stress
   |required: task_index_json renderer=build_rust_verification_task_index + render_rust_verification_task_index_json artifact=task_index.json tasks=1 kinds=stress
