---
source: tests/unit/verification/config/skill.rs
expression: "format!(\"{rendered}\\n{contracts}\")"
---
[verify] src/api.rs
   |owner: src/api
   |performance: pending phase=after_unit_tests_pass fingerprint=rustv:07c5fef10ad0d802 skill=rust-verification-performance@criterion contract_ref=rust-verification-performance@criterion

[verify-report]
   |bundle: renderer=render_rust_verification_report_bundle_json artifact=verification_report_bundle.json artifacts=3
   |required: verification_plan_json renderer=render_rust_verification_plan_json artifact=verification_plan.json tasks=1 kinds=performance
   |required: task_index_json renderer=build_rust_verification_task_index + render_rust_verification_task_index_json artifact=task_index.json tasks=1 kinds=performance
   |required: performance_index_json renderer=build_rust_verification_performance_index + render_rust_verification_performance_index_json artifact=performance_index.json tasks=1 kinds=performance
[skill-contract] rust-verification-performance@criterion
   |tool: criterion
   |run: cargo bench
   |standard: statistical benchmark baseline detects runtime regression
   |inputs: bench_target,baseline,regression_threshold
   |pass: regression<=threshold
   |receipt: benchmark_command,baseline,regression_threshold,latency_or_throughput,allocation_profile,profile_artifact
