---
source: tests/unit/verification/config/skill.rs
assertion_line: 99
expression: compact_audit
---
[verification-skill-trigger] src/api.rs
   |stress: phase=after_unit_tests_pass skill=rust-verification-stress@k6
   |trigger: profile=public_api skill=rust-verification-stress@k6
   |requires: p50,p99,p999,load_steps,sla_result
   |quiet: omits=why,requires,fact,contract

[verify] src/api.rs
   |owner: src/api
   |stress: pending phase=after_unit_tests_pass fingerprint=rustv:f5966fb522a92f96 skill=rust-verification-stress@k6
