{"modules":[{"path":"$TEMP/src/lib.rs","is_valid":true,"parse_error":null}],"findings":[{"rule_id":"RUST-PROJ-R003","pack_id":"rust.project_policy","severity":"warning","title":"Inline source test module","summary":"$TEMP/src/lib.rs contains inline #[cfg(test)] module `tests`.","location":{"path":"$TEMP/src/lib.rs","line":5,"column":4},"requirement":"Keep test bodies out of src files; mount source-backed unit tests from tests/unit with #[path].","source_line":"    #[cfg(test)] mod tests { #[test] fn it_works() {} }","label":"move this test module to tests/unit and mount it with #[path]","labels":{"domain":"project-policy","language":"rust"}}],"root_paths":["$TEMP/src","$TEMP/tests"],"blocking_severities":["warning","error"],"project_scope":null}
