---
source: tests/unit/agent_reasoning_snapshot.rs
expression: rendered
---
Modules: source=32 branches=1 deps=30
OwnerBranches:
 - src/lib.rs [root, facade] owner=src -> mod:src/target.rs, mod:src/owner_0.rs, mod:src/owner_1.rs, mod:src/owner_2.rs, mod:src/owner_3.rs, mod:src/owner_4.rs, mod:src/owner_5.rs, mod:src/owner_6.rs, ... +23 children
OwnerDependencies:
 - src/target.rs <--crate-- src/owner_0.rs, src/owner_1.rs, src/owner_10.rs, src/owner_11.rs, src/owner_12.rs, src/owner_13.rs, src/owner_14.rs, src/owner_15.rs, src/owner_16.rs, src/owner_17.rs, src/owner_18.rs, src/owner_19.rs, src/owner_2.rs, src/owner_20.rs, src/owner_21.rs, src/owner_22.rs, src/owner_23.rs, src/owner_24.rs, src/owner_25.rs, src/owner_26.rs, src/owner_27.rs, src/owner_28.rs, src/owner_29.rs, src/owner_3.rs, src/owner_4.rs, src/owner_5.rs, src/owner_6.rs, src/owner_7.rs, src/owner_8.rs, src/owner_9.rs
