---
source: tests/unit/agent_reasoning_snapshot.rs
assertion_line: 120
expression: rendered
---
Modules: source=5 branches=3
OwnerBranches:
 - src/lib.rs [root, facade] owner=src -> mod:src/alpha/mod.rs, mod:src/beta/mod.rs
 - src/alpha/mod.rs [interface] owner=src/alpha imports=external:1 -> mod:src/alpha/core.rs
 - src/beta/mod.rs [interface] owner=src/beta imports=external:1 -> mod:src/beta/core.rs
