---
source: tests/unit/sample_project.rs
assertion_line: 39
expression: rendered
---
[RUST-PROJ-R001] Warning: Root test file lacks explicit harness role
   ,-[ $TEMP/tests/test_root.rs:1:1 ]
   | move this file under tests/unit or tests/integration
   |Help: tests/test_root.rs is a root-level test file without an explicit harness role.
   |Contract: Move root-level test files under tests/unit or tests/integration, or justify an explicit harness entry point in tests/rust-project-harness-rules.toml.

[RUST-PROJ-R003] Warning: Inline source test module
   ,-[ $TEMP/src/lib.rs:2:1 ]
 2 | #[cfg(test)] mod tests { #[test] fn it_works() {} }
   | `- move this test module to tests/unit and mount it with #[path]
   |Help: $TEMP/src/lib.rs contains inline #[cfg(test)] module `tests`.
   |Contract: Keep test bodies out of src files; mount source-backed unit tests from tests/unit with #[path].

[RUST-PROJ-R006] Warning: Cargo test target does not mount the harness gate
   ,-[ $TEMP/tests/test_root.rs:1:1 ]
   | add rust_project_harness_gate!() to this Cargo test target
   |Help: tests/test_root.rs does not mount the Rust project harness gate.
   |Contract: Mount rust_project_harness_gate!() in Cargo test targets so narrow test runs execute project policy.

[RUST-PROJ-R007] Warning: Root test target contains implementation
   ,-[ $TEMP/tests/test_root.rs:1:1 ]
 1 | #[test] fn root_test() {}
   | `- move test implementation into a suite module and mount it from the root target
   |Help: tests/test_root.rs contains top-level implementation item `fn`.
   |Contract: Keep root Cargo test targets as thin harness aggregates with harness gate calls and external module mounts only.

[RUST-MOD-R004] Warning: lib.rs contains implementation
   ,-[ $TEMP/src/lib.rs:1:1 ]
 1 | pub fn public_api() {}
   | `- move facade implementation out of lib.rs into an owned module
   |Help: $TEMP/src/lib.rs contains implementation item `fn` inside lib.rs.
   |Contract: Keep lib.rs as a crate facade with external module declarations and re-exports only.

[RUST-MOD-R004] Warning: lib.rs contains implementation
   ,-[ $TEMP/src/lib.rs:2:1 ]
 2 | #[cfg(test)] mod tests { #[test] fn it_works() {} }
   | `- move facade implementation out of lib.rs into an owned module
   |Help: $TEMP/src/lib.rs contains implementation item `mod` inside lib.rs.
   |Contract: Keep lib.rs as a crate facade with external module declarations and re-exports only.

[AGENT-R001] Info: Public module lacks an intent doc
   ,-[ $TEMP/src/lib.rs:1:1 ]
 1 | pub fn public_api() {}
   | `- add a concise //! module responsibility doc
   |Help: $TEMP/src/lib.rs has public Rust surface without a module intent doc.
   |Contract: Add a concise module-level doc comment that names the module responsibility for agent search and repair.

[AGENT-R002] Info: Public item lacks a doc comment
   ,-[ $TEMP/src/lib.rs:1:1 ]
 1 | pub fn public_api() {}
   | `- add a short doc comment naming the public contract
   |Help: $TEMP/src/lib.rs exposes public item `public_api` without a doc comment.
   |Contract: Document public Rust boundaries so agents can reason from native syntax without guessing intent.
