---
source: tests/unit/mod_policy_snapshot.rs
expression: rendered
---
[RUST-MOD-R004] Warning: lib.rs contains implementation
   ,-[ $TEMP/src/lib.rs:3:1 ]
 3 | macro_rules! local_macro { () => {} }
   | `- move facade implementation out of lib.rs into an owned module
   |Help: $TEMP/src/lib.rs contains implementation item `macro` inside lib.rs.
   |Contract: Keep lib.rs as a crate facade with external module declarations and re-exports only.
