---
source: tests/unit/agent_reasoning_snapshot.rs
expression: "normalize_temp_root(&rendered, root)"
---
Modules: source=5 roots=1 branches=2 deps=2 shadowed=0 orphaned=0
OwnerBranches:
 - src/lib.rs [root, facade] owner=src imports=crate:1,external:1 -> mod:src/domain.rs, path-mod:src/alt/custom.rs
 - src/domain.rs [branch] owner=src/domain imports=self:1,parent:1 -> mod:src/domain/leaf.rs, include:src/domain/shard.rs
OwnerDependencies:
 - src/lib.rs --crate--> src/domain.rs
 - src/domain.rs --self--> src/domain/leaf.rs
FindingGroups:
 - none
