---
source: tests/unit/mod_policy_snapshot.rs
expression: rendered
---
[RUST-MOD-R010] Warning: Glob import hides owner scope
@ $TEMP/src/domain.rs:2:1
fix: replace parent-scope glob with explicit imports
line: 2 | use super::*;
Help: $TEMP/src/domain.rs uses parent-scope glob import `super::*`.
Contract: Avoid every Rust glob import, including absolute crate globs; import owner names explicitly so module dependencies stay visible.
