---
source: tests/unit/agent_policy_snapshot.rs
expression: rendered
---
[RUST-AGENT-TEST-SUPPORT-014] Info: Test support re-export is unused
@ $TEMP/tests/unit/search/service/support.rs:1:1
fix: remove unused support re-export names or import them directly at the call site
line: 1 | pub(super) use crate::domain::{LocalType, SupportType, UnusedType};
Help: $TEMP/tests/unit/search/service/support.rs re-exports unused test support scope name(s): `UnusedType`.
Contract: Keep test support facades narrow; re-export only names consumed through the same support surface or used by support helpers.
