---
source: tests/unit/agent_policy_snapshot.rs
expression: rendered
---
[AGENT-R011] Info: Owner fan-out lacks intent doc
   ,-[ $TEMP/src/orchestrator.rs:1:1 ]
 1 | use crate::alpha::Alpha;
   | `- add an owner fan-out intent doc using doc_markdown style
   |Help: $TEMP/src/orchestrator.rs depends on 3 owner branches without an intent doc.
   |Contract: Document branch modules that coordinate several owner dependencies with a `//!` intent doc in `clippy::doc_markdown` style.
