---
source: tests/unit/agent_policy_snapshot.rs
expression: rendered
---
[AGENT-R006] Info: Public module name is generic
   ,-[ $TEMP/src/lib.rs:2:1 ]
 2 | /// Shared utility bucket.
   | `- rename this public module to the domain it owns
   |Help: $TEMP/src/lib.rs exposes generic public module `utils`.
   |Contract: Name public Rust modules after the domain they own; avoid generic buckets such as utils, common, helpers, or shared.
