---
source: tests/unit/verification.rs
assertion_line: 141
expression: rendered
---
[verify:responsibility_review] pending src/domain.rs
   |owner: src/domain
   |phase: before_verification
   |why: profile declares pure domain logic but parser facts show runtime or owner dependencies
   |fact: profile=pure_domain_logic
   |fact: parser=external_imports=1 owner_deps=0
   |contract: update the verification profile hint to match parser facts, or attach a complete waiver
   |fingerprint: rustv:a6b69a69e019ad5c
