---
source: tests/unit/agent_policy_snapshot.rs
expression: rendered
---
[AGENT-R012] Info: Public semantic identifier uses a primitive type
@ $TEMP/src/api.rs:3:1
fix: wrap this identifier in an owner-named newtype or document why the primitive boundary is intentional
line: 3 | pub fn load_user(user_id: String) {}
Help: $TEMP/src/api.rs exposes public function `load_user` parameter `user_id` as primitive `String`.
Contract: Give public semantic identifiers a named domain type so agents can preserve invariants without guessing from parameter names.
