---
source: tests/unit/sample_project.rs
assertion_line: 39
expression: rendered
---
[RUST-AGENT-PROJECT-001] Warning: Root test file lacks explicit harness role
@ $TEMP/tests/test_root.rs:1:1
fix: move this file under tests/unit or tests/integration
Help: tests/test_root.rs is a root-level test file without an explicit harness role.
Contract: Move root-level test files under tests/unit or tests/integration, or justify an explicit harness entry point in tests/rust-project-harness-rules.toml.

[RUST-AGENT-PROJECT-003] Warning: Inline source test module
@ $TEMP/src/lib.rs:2:1
fix: move this test module to tests/unit and mount it with #[path]
line: 2 | #[cfg(test)] mod tests { #[test] fn it_works() {} }
Help: $TEMP/src/lib.rs contains inline #[cfg(test)] module `tests`.
Contract: Keep test bodies out of src files; mount source-backed unit tests from tests/unit with #[path].

[RUST-AGENT-PROJECT-007] Warning: Root test target contains implementation
@ $TEMP/tests/test_root.rs:1:1
fix: move test implementation into a suite module and mount it from the root target
line: 1 | #[test] fn root_test() {}
Help: tests/test_root.rs contains top-level implementation item `fn`.
Contract: Keep root Cargo test targets as thin aggregates with external module mounts only.

[RUST-MOD-R004] Warning: lib.rs contains implementation
@ $TEMP/src/lib.rs:1:1
fix: move facade implementation out of lib.rs into an owned module
line: 1 | pub fn public_api() {}
Help: $TEMP/src/lib.rs contains implementation item `fn` inside lib.rs.
Contract: Keep lib.rs as a crate facade with external module declarations, re-exports, and parser-proven boundary macros only.

[RUST-MOD-R004] Warning: lib.rs contains implementation
@ $TEMP/src/lib.rs:2:1
fix: move facade implementation out of lib.rs into an owned module
line: 2 | #[cfg(test)] mod tests { #[test] fn it_works() {} }
Help: $TEMP/src/lib.rs contains implementation item `mod` inside lib.rs.
Contract: Keep lib.rs as a crate facade with external module declarations, re-exports, and parser-proven boundary macros only.

[AGENT-R001] Info: Public module lacks an intent doc
@ $TEMP/src/lib.rs:1:1
fix: add a module intent doc using doc_markdown style
line: 1 | pub fn public_api() {}
Help: $TEMP/src/lib.rs has public Rust surface without a module intent doc.
Contract: Add a concise `//!` module-level intent doc using `clippy::doc_markdown` style, with technical identifiers in backticks.

[AGENT-R002] Info: Public item lacks a doc comment
@ $TEMP/src/lib.rs:1:1
fix: add a doc comment using clippy::doc_markdown style
line: 1 | pub fn public_api() {}
Help: $TEMP/src/lib.rs exposes public item `public_api` without a doc comment.
Contract: Document public Rust boundaries using `clippy::doc_markdown` style so agents can reason from native syntax without guessing intent.
