---
source: tests/unit/mod_policy_snapshot.rs
expression: rendered
---
[lint:warning] $TEMP/src rust
Source: $TEMP/src
Files: 2 Parsed: 2
Issues: 1

[RUST-MOD-R009] Warning: Source file is orphaned from the module tree
   ,-[ $TEMP/src/forgotten.rs:1:1 ]
   | attach this file with a parent mod declaration or remove it
   |Help: $TEMP/src/forgotten.rs is not reachable from a crate or binary module tree.
   |Contract: Every scanned source file must be reachable from a crate or binary root through external mod declarations.
