---
source: tests/unit/mod_policy_snapshot.rs
expression: rendered
---
[lint:warning] $TEMP/src rust
Source: $TEMP/src
Files: 2 Parsed: 2
Issues: 1

[RUST-MOD-R003] Warning: Deep relative import crosses owner boundaries
   ,-[ $TEMP/src/domain.rs:2:1 ]
 2 | pub use super::{super::MissingOwner, sibling::Thing};
   | `- replace deep relative import with a clearer owner boundary
   |Help: $TEMP/src/domain.rs uses deep relative import `super::super`.
   |Contract: Avoid super::super imports in library code; expose a clearer owner-level API instead.
