---
source: tests/unit/agent_policy_snapshot.rs
expression: rendered
---
[RUST-AGENT-SOURCE-NAMESPACE-003] Info: Namespace path repeats a segment
@ $TEMP/src/domain/domain.rs:1:1
fix: rename the deepest repeated path segment to its real responsibility
Help: src/domain/domain repeats namespace segment(s): domain.
Contract: Keep Rust module namespaces branch-unique, including file stems; rename repeated path segments so agents see one clear ownership path.
