---
source: tests/unit/mod_policy_snapshot.rs
expression: rendered
---
[RUST-MOD-R003] Warning: Deep relative import crosses owner boundaries
@ $TEMP/src/domain.rs:2:1
fix: replace deep relative import with crate::... owner/facade import
line: 2 | pub use super::{super::MissingOwner, sibling::Thing};
Help: $TEMP/src/domain.rs uses deep relative import `super::super::MissingOwner`.
Contract: Replace super::super imports with crate::... owner/facade imports; if the target is a leaf implementation, expose the needed API through an owner facade first.
