---
source: tests/unit/verification/lifecycle/profiles.rs
expression: rendered
---
[verify] src/domain.rs
   |owner: src/domain
   |regression: pending phase=scheduled_regression fingerprint=rustv:0986ee8b44d80048
   |why: regression=parser facts show a branch coordinating several child modules or local owners
   |requires: regression=source_growth,dependency_drift,module_cycles
   |fact: regression.child_modules=3
   |fact: regression.owner_deps=0
   |contract: regression=regression skill must report source growth, dependency drift, and module-cycle status for this fingerprint

[verify-report]
   |bundle: renderer=render_rust_verification_report_bundle_json artifact=verification_report_bundle.json artifacts=1
   |required: verification_plan_json renderer=render_rust_verification_plan_json artifact=verification_plan.json tasks=1 kinds=regression
