---
source: tests/unit/verification/lifecycle/profiles.rs
expression: rendered
---
[verify] src/domain.rs
   |owner: src/domain
   |responsibility_review: pending phase=before_verification fingerprint=rustv:f2a74ba781a69510
   |why: responsibility_review=profile declares pure domain logic but parser facts show runtime or owner dependencies
   |requires: responsibility_review=profile_resolution
   |fact: responsibility_review.profile=pure_domain_logic
   |fact: responsibility_review.parser=external_imports=1 owner_deps=0
   |contract: responsibility_review=update the verification profile hint to match parser facts, or attach a complete waiver

[verify-report]
   |bundle: renderer=render_rust_verification_report_bundle_json artifact=verification_report_bundle.json artifacts=2
   |required: verification_plan_json renderer=render_rust_verification_plan_json artifact=verification_plan.json tasks=1 kinds=responsibility_review
   |required: task_index_json renderer=build_rust_verification_task_index + render_rust_verification_task_index_json artifact=task_index.json tasks=1 kinds=responsibility_review
