---
source: tests/unit/verification/workspace.rs
expression: rendered
---
[verify] crates/missing/src/api.rs
   |responsibility_review: pending phase=before_verification fingerprint=rustv:d3390899cb57ec59
   |why: responsibility_review=profile hint target is not a parser-known Rust source module
   |requires: responsibility_review=profile_resolution
   |fact: responsibility_review.hint=responsibilities=public_api
   |contract: responsibility_review=update the verification profile hint to match parser facts, or attach a complete waiver

[verify-report]
   |required: verification_plan_json renderer=render_rust_verification_plan_json artifact=verification_plan.json tasks=1 kinds=responsibility_review
