---
source: tests/unit/verification/profile_index.rs
expression: rendered
---
[verify-profile] src/api.rs
   |owner: src/api
   |state: missing_profile
   |suggest: public_api,external_dependency,availability_critical
   |tasks: stress,chaos
   |hint_path: src/api.rs
   |fact: public_items=1
   |fact: public_fns=1
   |fact: network_roots=axum::Router

[verify-profile] src/auth.rs
   |owner: src/auth
   |state: missing_profile
   |suggest: public_api,security_boundary
   |tasks: stress,security
   |hint_path: src/auth.rs
   |fact: public_items=1
   |fact: public_fns=1
   |fact: security_roots=sha2::Digest
   |fact: path_signals=auth

[verify-profile] src/search.rs
   |owner: src/search
   |state: missing_profile
   |suggest: public_api,latency_sensitive
   |tasks: stress,performance
   |hint_path: src/search.rs
   |fact: public_items=1
   |fact: public_fns=1
   |fact: performance_roots=rayon::prelude
   |fact: path_signals=search

[verify-profile] src/storage.rs
   |owner: src/storage
   |state: missing_profile
   |suggest: public_api,external_dependency,persistence
   |tasks: stress,chaos
   |hint_path: src/storage.rs
   |fact: public_items=1
   |fact: public_fns=1
   |fact: persistence_roots=std::fs
   |fact: path_signals=storage
