---
source: tests/unit/path_policy/project/build_gate.rs
assertion_line: 179
expression: rendered
---
[RUST-AGENT-PROJECT-009] Warning: Retired source cargo-test gate should migrate
@ $TEMP/src/lib.rs:3:1
fix: move parser-native harness policy to [build-dependencies] plus root build.rs using assert_asp_rust_downstream_policy_from_env(...), then remove this cargo-test source gate
line: 3 | asp_rust::asp_rust_cargo_test_gate!(config = { asp_rust::default_asp_rust_config() });
Help: src/lib.rs mounts a retired source cargo-test harness gate.
Contract: Source cargo-test harness gates should move parser-native project policy to the cargo-check build gate and remove the source test gate once the build gate is active.

[RUST-AGENT-PROJECT-012] Warning: ASP Rust build-time contract evidence is incomplete
@ $TEMP/build.rs:1:1
fix: call asp_rust_build_support::emit_provider_contract_digest() from root build.rs
Help: build.rs exists in an ASP Rust-enabled project but does not emit build-time contract evidence.
Contract: ASP Rust-enabled packages should emit lightweight build-time contract evidence while full parser-native project policy remains in the test/evaluation layer.
