---
source: tests/unit/path_policy/project/build_gate.rs
assertion_line: 88
expression: rendered
---
[RUST-PROJ-R009] Warning: Legacy source cargo-test gate should migrate
@ $TEMP/src/lib.rs:3:1
fix: move parser-native harness policy to [build-dependencies] plus root build.rs using assert_rust_project_harness_cargo_check_clean_from_env_with_config(...), then remove this cargo-test source gate
line: 3 | rust_lang_project_harness::rust_project_harness_cargo_test_gate!(config = { rust_lang_project_harness::default_rust_harness_config() });
Help: src/lib.rs mounts a legacy source cargo-test harness gate.
Contract: Source cargo-test harness gates are compatibility-only; migrate parser-native project policy to the cargo-check build gate and remove the source test gate once the build gate is active.

[RUST-PROJ-R012] Warning: Build-time harness gate is incomplete
@ $TEMP/build.rs:1:1
fix: add the harness to [build-dependencies] and call rust_lang_project_harness::assert_rust_project_harness_cargo_check_clean_from_env_with_config(...) from root build.rs
Help: build.rs exists in a harness-enabled project but does not mount the build-time harness gate.
Contract: Harness-enabled packages should mount the build-time harness gate so cargo check runs parser-native project policy before the test/evaluation layer.
