---
source: tests/unit/path_policy/project/legacy_gate.rs
expression: rendered
---
[RUST-PROJ-R009] Warning: Legacy source cargo-test gate should migrate
@ $TEMP/src/lib.rs:3:1
fix: move parser-native harness policy to [build-dependencies] plus root build.rs using assert_rust_project_harness_downstream_policy_from_env(...), then remove this cargo-test source gate
line: 3 | rust_lang_project_harness::rust_project_harness_cargo_test_gate!();
Help: src/lib.rs mounts a legacy source cargo-test harness gate.
Contract: Source cargo-test harness gates are compatibility-only; migrate parser-native project policy to the cargo-check build gate and remove the source test gate once the build gate is active.
