---
source: tests/unit/verification/profile_index/hints.rs
assertion_line: 57
expression: rendered
---
[verify-profile] src/api.rs
   |owner: src/api
   |state: profile_drift
   |configured: public_api
   |suggest: public_api,external_dependency,availability_critical
   |tasks: stress,stability,chaos
   |fact: public_items=1
   |fact: public_fns=1
   |fact: configured_dependency_roots=axum
   |fact: external_roots=axum::Router
   |fact: network_roots=axum::Router
