---
source: tests/unit/cli/basics.rs
assertion_line: 150
expression: stdout
---
[RUST-AGENT-DOCS-PUBLIC-002] Info: Public item lacks a doc comment
@ $TEMP/src/owned.rs:2:1
fix: add a doc comment using clippy::doc_markdown style
line: 2 | pub fn public_api() {}
Help: $TEMP/src/owned.rs exposes public item `public_api` without a doc comment.
Contract: Document public Rust boundaries using `clippy::doc_markdown` style so agents can reason from native syntax without guessing intent.
